Microchip MPLAB XC8 Compiler V2.36

Linker command line:

-W-3 --edf=C:\Program Files\Microchip\xc8\v2.36\pic\dat\en_msgs.txt -cn \
  -h+dist/default/production\Car_black_bok.X.production.sym \
  --cmf=dist/default/production\Car_black_bok.X.production.cmf -z -Q18F4580 \
  -oC:\Users\mdfai\AppData\Local\Temp\xcAs1ds.4 --defsym=__MPLAB_BUILD=1 \
  -Mdist/default/production/Car_black_bok.X.production.map \
  --md=C:\Users\mdfai\AppData\Local\Temp\xcAs1ds.dat -E1 -ver=XC8 Compiler \
  --acfsm=1493 -ACODE=00h-03000h -ACONST=00h-03000h \
  -ASMALLCONST=0600h-06FFhx42,03000h-03000h -AMEDIUMCONST=0600h-03000h \
  -ACOMRAM=01h-05Fh -AABS1=00h-05FFh -ABIGRAM=01h-05FFh \
  -ARAM=060h-0FFh,0100h-01FFhx5 -ABANK0=060h-0FFh -ABANK1=0100h-01FFh \
  -ABANK2=0200h-02FFh -ABANK3=0300h-03FFh -ABANK4=0400h-04FFh \
  -ABANK5=0500h-05FFh -ASFR=0D00h-0DFFhx2,0F00h-0F5Fh,0F60h-0FFFh \
  -ABIGSFR=0D00h-0FFFh -ACONFIG=0300000h-030000Dh -AIDLOC=0200000h-0200007h \
  -AEEDATA=0F00000h-0F000FFh -peeprom_data=EEDATA \
  -preset_vec=00h,intcode,intcodelo,powerup,init -pramtop=0600h \
  -psmallconst=SMALLCONST -pmediumconst=MEDIUMCONST -pconst=CONST \
  -AFARRAM=00h-00h \
  -prdata=COMRAM,nvrram=COMRAM,nvbit=COMRAM,rbss=COMRAM,rbit=COMRAM \
  -pfarbss=FARRAM,fardata=FARRAM,nvFARRAM=FARRAM \
  -pintsave_regs=BIGRAM,bigbss=BIGRAM,bigdata=BIGRAM -pbss=RAM \
  -pidata=CODE,irdata=CODE,ibigdata=CODE,ifardata=CODE -prparam=COMRAM \
  C:\Users\mdfai\AppData\Local\Temp\xcAs1ds.o \
  dist/default/production\Car_black_bok.X.production.o 

Object code version is 3.11

Machine type is 18F4580



                Name                               Link     Load   Length Selector   Space Scale
C:\Users\mdfai\AppData\Local\Temp\xcAs1ds.o
                idloc                            200000   200000        8        0       5
                config                           300000   300000        E        0       4
                init                                  0        0        4        0       0
dist/default/production\Car_black_bok.X.production.o
                idloc                            200000   200000        8        0       5
                config                           300000   300000        E        0       4
                smallconst                          600      600       B8      300       0
                text47                              BAA      BAA      39A      35C       0
                text46                             1DB4     1DB4      106      35C       0
                text45                             1ABC     1ABC      1B4      35C       0
                text44                             28A2     28A2       3A     1364       0
                text43                             26C8     26C8       6C     1364       0
                text42                             29E8     29E8       18     1364       0
                text41                             1F9A     1F9A       CE      35C       0
                text40                             28DC     28DC       2E     1364       0
                text39                             15AC     15AC      306      35C       0
                text38                             2130     2130       C4      35C       0
                text37                             21F4     21F4       B0      35C       0
                text36                             2A4E     2A4E       10     1364       0
                text35                             1290     1290      31C      35C       0
                text34                             24F0     24F0       7C      35C       0
                text33                             2AB0     2AB0        6     1536       0
                text32                             2A2C     2A2C       12     1364       0
                text31                             2AA8     2AA8        8     1536       0
                text30                             2A84     2A84        C     1536       0
                text29                             2AA0     2AA0        8     1536       0
                text28                             2A98     2A98        8     1536       0
                text27                             2A90     2A90        8     1536       0
                text26                             2A78     2A78        C     1536       0
                text25                             295E     295E       2A     1364       0
                text24                             1EBA     1EBA       E0      35C       0
                text23                             2734     2734       6A     1364       0
                text22                             2A16     2A16       16     1364       0
                text21                             2866     2866       3C     1364       0
                text20                             2934     2934       2A     1364       0
                text19                             234C     234C       A4      35C       0
                text18                             2988     2988       28     1364       0
                text17                             2A6C     2A6C        C     1536       0
                text16                             22A4     22A4       A8      35C       0
                text15                             29B0     29B0       1E     1364       0
                text14                             279E     279E       48     1364       0
                text13                             2A00     2A00       16     1364       0
                text12                             2A3E     2A3E       10     1364       0
                text11                             290A     290A       2A     1364       0
                text10                             29CE     29CE       1A     1364       0
                text9                              23F0     23F0       84      35C       0
                text8                              2826     2826       40     1364       0
                text7                              2068     2068       C8      35C       0
                text6                              2474     2474       7C      35C       0
                text5                              256C     256C       7A      35C       0
                text4                              18B2     18B2      20A      35C       0
                text3                              27E6     27E6       40     1364       0
                text2                               6B8      6B8      4F2      35C       0
                text1                              1C70     1C70      144      35C       0
                text0                               F44      F44      34C      35C       0
                cstackCOMRAM                          1        1       58        1       1
                cstackBANK0                          60       60       56       60       1
                dataBANK1                           100      100       6D      100       1
                dataBANK0                            E5       E5        D       60       1
                bssBANK0                             B6       B6       2F       60       1
                dataCOMRAM                           5F       5F        1        1       1
                bssCOMRAM                            59       59        6        1       1
                cinit                              25E6     25E6       74      35C       0
                idataBANK1                         265A     265A       6D      35C       0
                idataBANK0                         2A5E     2A5E        D     1364       0
                idataCOMRAM                        2AB6     2AB6        1     1536       0

TOTAL           Name                               Link     Load   Length     Space
        CLASS   CODE           
                init                                  0        0        4         0
                text47                              BAA      BAA      39A         0
                text46                             1DB4     1DB4      106         0
                text45                             1ABC     1ABC      1B4         0
                text44                             28A2     28A2       3A         0
                text43                             26C8     26C8       6C         0
                text42                             29E8     29E8       18         0
                text41                             1F9A     1F9A       CE         0
                text40                             28DC     28DC       2E         0
                text39                             15AC     15AC      306         0
                text38                             2130     2130       C4         0
                text37                             21F4     21F4       B0         0
                text36                             2A4E     2A4E       10         0
                text35                             1290     1290      31C         0
                text34                             24F0     24F0       7C         0
                text33                             2AB0     2AB0        6         0
                text32                             2A2C     2A2C       12         0
                text31                             2AA8     2AA8        8         0
                text30                             2A84     2A84        C         0
                text29                             2AA0     2AA0        8         0
                text28                             2A98     2A98        8         0
                text27                             2A90     2A90        8         0
                text26                             2A78     2A78        C         0
                text25                             295E     295E       2A         0
                text24                             1EBA     1EBA       E0         0
                text23                             2734     2734       6A         0
                text22                             2A16     2A16       16         0
                text21                             2866     2866       3C         0
                text20                             2934     2934       2A         0
                text19                             234C     234C       A4         0
                text18                             2988     2988       28         0
                text17                             2A6C     2A6C        C         0
                text16                             22A4     22A4       A8         0
                text15                             29B0     29B0       1E         0
                text14                             279E     279E       48         0
                text13                             2A00     2A00       16         0
                text12                             2A3E     2A3E       10         0
                text11                             290A     290A       2A         0
                text10                             29CE     29CE       1A         0
                text9                              23F0     23F0       84         0
                text8                              2826     2826       40         0
                text7                              2068     2068       C8         0
                text6                              2474     2474       7C         0
                text5                              256C     256C       7A         0
                text4                              18B2     18B2      20A         0
                text3                              27E6     27E6       40         0
                text2                               6B8      6B8      4F2         0
                text1                              1C70     1C70      144         0
                text0                               F44      F44      34C         0
                cinit                              25E6     25E6       74         0
                idataBANK1                         265A     265A       6D         0
                idataBANK0                         2A5E     2A5E        D         0
                idataCOMRAM                        2AB6     2AB6        1         0

        CLASS   CONST          

        CLASS   SMALLCONST     
                smallconst                          600      600       B8         0

        CLASS   MEDIUMCONST    

        CLASS   COMRAM         
                cstackCOMRAM                          1        1       58         1
                dataCOMRAM                           5F       5F        1         1
                bssCOMRAM                            59       59        6         1

        CLASS   ABS1           

        CLASS   BIGRAM         

        CLASS   RAM            

        CLASS   BANK0          
                cstackBANK0                          60       60       56         1
                dataBANK0                            E5       E5        D         1
                bssBANK0                             B6       B6       2F         1

        CLASS   BANK1          
                dataBANK1                           100      100       6D         1

        CLASS   BANK2          

        CLASS   BANK3          

        CLASS   BANK4          

        CLASS   BANK5          

        CLASS   SFR            

        CLASS   BIGSFR         

        CLASS   CONFIG         
                config                           300000   300000        E         4

        CLASS   IDLOC          
                idloc                            200000   200000        8         5

        CLASS   EEDATA         

        CLASS   FARRAM         

        CLASS   HEAP           

        CLASS   STACK          



SEGMENTS        Name                           Load    Length   Top    Selector   Space  Class

                reset_vec                      000000  000004  000004         0       0  CODE    
                cstackCOMRAM                   000001  00005F  000060         1       1  COMRAM  
                cstackBANK0                    000060  000092  0000F2        60       1  BANK0   
                dataBANK1                      000100  00006D  00016D       100       1  BANK1   
                smallconst                     000600  0000B8  0006B8       300       0  SMALLCON
                text2                          0006B8  00200F  0026C7       35C       0  CODE    
                text43                         0026C8  0003A3  002A6B      1364       0  CODE    
                text17                         002A6C  00004B  002AB7      1536       0  CODE    


UNUSED ADDRESS RANGES

        Name                Unused          Largest block    Delta
        BANK0            0000F2-0000FF                E
        BANK1            00016D-0001FF               93
        BANK2            000200-0002FF              100
        BANK3            000300-0003FF              100
        BANK4            000400-0004FF              100
        BANK5            000500-0005FF              100
        BIGRAM           0000F2-0000FF                E
                         00016D-0005FF              493
        BIGSFR           000D00-000FFF              300
        CODE             000004-0005FF              5FC
                         0026C7-0026C7                1
                         002A6B-002A6B                1
                         002AB7-003000              54A
        CONST            000004-0005FF              5FC
                         0026C7-0026C7                1
                         002A6B-002A6B                1
                         002AB7-003000              54A
        EEDATA           F00000-F000FF              100
        MEDIUMCONST      0026C7-0026C7                1
                         002A6B-002A6B                1
                         002AB7-003000              54A
        RAM              0000F2-0000FF                E
                         00016D-0005FF              100
        SFR              000D00-000FFF              100
        SMALLCONST       0026C7-0026C7                1
                         002A6B-002A6B                1
                         002AB7-003000              100

                                  Symbol Table

?___awdiv                      cstackCOMRAM 000001
?___awmod                      cstackCOMRAM 000009
?___fldiv                      cstackCOMRAM 000015
?___fltol                      cstackCOMRAM 00002E
?___xxtofl                     cstackCOMRAM 000007
?_read_adc                     cstackCOMRAM 000001
?_strncmp                      cstackCOMRAM 000001
_ABDEN                         (abs)        007DC0
_ABDOVF                        (abs)        007DC7
_ACKDT                         (abs)        007E2D
_ACKEN                         (abs)        007E2C
_ACKSTAT                       (abs)        007E2E
_ADCON0                        (abs)        000FC2
_ADCON1                        (abs)        000FC1
_ADCON2                        (abs)        000FC0
_ADON                          (abs)        007E10
_ADRESH                        (abs)        000FC4
_ADRESL                        (abs)        000FC3
_BCLIF                         (abs)        007D0B
_BRG16                         (abs)        007DC3
_BRGH                          (abs)        007D62
_CFGS                          (abs)        007D36
_CKE                           (abs)        007E3E
_CREN                          (abs)        007D5C
_EEADR                         (abs)        000FA9
_EECON2                        (abs)        000FA7
_EEDATA                        (abs)        000FA8
_EEPGD                         (abs)        007D37
_GIE                           (abs)        007F97
_GO                            (abs)        007E11
_PEN                           (abs)        007E2A
_PORTB                         (abs)        000F81
_PORTBbits                     (abs)        000F81
_PORTD                         (abs)        000F83
_RBPU                          (abs)        007F8F
_RC0                           (abs)        007C10
_RC1                           (abs)        007C11
_RC2                           (abs)        007C12
_RCEN                          (abs)        007E2B
_RCIE                          (abs)        007CED
_RCIF                          (abs)        007CF5
_RD                            (abs)        007D30
_RD7                           (abs)        007C1F
_RSEN                          (abs)        007E29
_RX9                           (abs)        007D5E
_SEN                           (abs)        007E28
_SENDB                         (abs)        007D63
_SMP                           (abs)        007E3F
_SPBRG                         (abs)        000FAF
_SPEN                          (abs)        007D5F
_SSPADD                        (abs)        000FC8
_SSPBUF                        (abs)        000FC9
_SSPCON1                       (abs)        000FC6
_SSPIF                         (abs)        007CF3
_SYNC                          (abs)        007D64
_TRISB                         (abs)        000F93
_TRISC                         (abs)        000F94
_TRISC3                        (abs)        007CA3
_TRISC4                        (abs)        007CA4
_TRISC6                        (abs)        007CA6
_TRISC7                        (abs)        007CA7
_TRISD                         (abs)        000F95
_TRISD7                        (abs)        007CAF
_TX9                           (abs)        007D66
_TXEN                          (abs)        007D65
_TXIE                          (abs)        007CEC
_TXIF                          (abs)        007CF4
_TXREG                         (abs)        000FAD
_WR                            (abs)        007D31
_WREN                          (abs)        007D32
_WUE                           (abs)        007DC1
__HRAM                         (abs)        000000
__Habs1                        abs1         000000
__Hbank0                       bank0        000000
__Hbank1                       bank1        000000
__Hbank2                       bank2        000000
__Hbank3                       bank3        000000
__Hbank4                       bank4        000000
__Hbank5                       bank5        000000
__Hbigbss                      bigbss       000000
__Hbigdata                     bigdata      000000
__Hbigram                      bigram       000000
__Hbigsfr                      bigsfr       000000
__Hbss                         bss          000000
__HbssBANK0                    bssBANK0     000000
__HbssCOMRAM                   bssCOMRAM    000000
__Hcinit                       cinit        000000
__Hclrtext                     clrtext      000000
__Hcomram                      comram       000000
__Hconfig                      config       30000E
__Hconst                       const        000000
__HcstackBANK0                 cstackBANK0  000000
__HcstackCOMRAM                cstackCOMRAM 000000
__Hdata                        data         000000
__HdataBANK0                   dataBANK0    000000
__HdataBANK1                   dataBANK1    000000
__HdataCOMRAM                  dataCOMRAM   000000
__Heeprom_data                 eeprom_data  000000
__Hfarbss                      farbss       000000
__Hfardata                     fardata      000000
__Hheap                        heap         000000
__Hibigdata                    ibigdata     000000
__Hidata                       idata        000000
__HidataBANK0                  idataBANK0   000000
__HidataBANK1                  idataBANK1   000000
__HidataCOMRAM                 idataCOMRAM  000000
__Hidloc                       idloc        200008
__Hifardata                    ifardata     000000
__Hinit                        init         000004
__Hintcode                     intcode      000000
__Hintcode_body                intcode_body 000000
__Hintcodelo                   intcodelo    000000
__Hintentry                    intentry     000000
__Hintret                      intret       000000
__Hintsave_regs                intsave_regs 000000
__Hirdata                      irdata       000000
__Hmediumconst                 mediumconst  000000
__HnvFARRAM                    nvFARRAM     000000
__Hnvbit                       nvbit        000000
__Hnvrram                      nvrram       000000
__Hparam                       rparam       000000
__Hpowerup                     powerup      000000
__Hram                         ram          000000
__Hramtop                      ramtop       000600
__Hrbit                        rbit         000000
__Hrbss                        rbss         000000
__Hrdata                       rdata        000000
__Hreset_vec                   reset_vec    000000
__Hrparam                      rparam       000000
__Hsfr                         sfr          000000
__Hsmallconst                  smallconst   0006B8
__Hspace_0                     (abs)        002AB7
__Hspace_1                     (abs)        00016D
__Hspace_2                     (abs)        000000
__Hspace_4                     (abs)        60000E
__Hstack                       stack        000000
__Hstruct                      struct       000000
__Htemp                        temp         000000
__Htext                        text         000000
__Htext0                       text0        000000
__Htext1                       text1        000000
__Htext10                      text10       000000
__Htext11                      text11       000000
__Htext12                      text12       000000
__Htext13                      text13       000000
__Htext14                      text14       000000
__Htext15                      text15       000000
__Htext16                      text16       000000
__Htext17                      text17       000000
__Htext18                      text18       000000
__Htext19                      text19       000000
__Htext2                       text2        000000
__Htext20                      text20       000000
__Htext21                      text21       000000
__Htext22                      text22       000000
__Htext23                      text23       000000
__Htext24                      text24       000000
__Htext25                      text25       000000
__Htext26                      text26       000000
__Htext27                      text27       000000
__Htext28                      text28       000000
__Htext29                      text29       000000
__Htext3                       text3        000000
__Htext30                      text30       000000
__Htext31                      text31       000000
__Htext32                      text32       000000
__Htext33                      text33       000000
__Htext34                      text34       000000
__Htext35                      text35       000000
__Htext36                      text36       000000
__Htext37                      text37       000000
__Htext38                      text38       000000
__Htext39                      text39       000000
__Htext4                       text4        000000
__Htext40                      text40       000000
__Htext41                      text41       000000
__Htext42                      text42       000000
__Htext43                      text43       000000
__Htext44                      text44       000000
__Htext45                      text45       000000
__Htext46                      text46       000000
__Htext47                      text47       000000
__Htext5                       text5        000000
__Htext6                       text6        000000
__Htext7                       text7        000000
__Htext8                       text8        000000
__Htext9                       text9        000000
__LRAM                         (abs)        000001
__Labs1                        abs1         000000
__Lbank0                       bank0        000000
__Lbank1                       bank1        000000
__Lbank2                       bank2        000000
__Lbank3                       bank3        000000
__Lbank4                       bank4        000000
__Lbank5                       bank5        000000
__Lbigbss                      bigbss       000000
__Lbigdata                     bigdata      000000
__Lbigram                      bigram       000000
__Lbigsfr                      bigsfr       000000
__Lbss                         bss          000000
__LbssBANK0                    bssBANK0     000000
__LbssCOMRAM                   bssCOMRAM    000000
__Lcinit                       cinit        000000
__Lclrtext                     clrtext      000000
__Lcomram                      comram       000000
__Lconfig                      config       000000
__Lconst                       const        000000
__LcstackBANK0                 cstackBANK0  000000
__LcstackCOMRAM                cstackCOMRAM 000000
__Ldata                        data         000000
__LdataBANK0                   dataBANK0    000000
__LdataBANK1                   dataBANK1    000000
__LdataCOMRAM                  dataCOMRAM   000000
__Leeprom_data                 eeprom_data  000000
__Lfarbss                      farbss       000000
__Lfardata                     fardata      000000
__Lheap                        heap         000000
__Libigdata                    ibigdata     000000
__Lidata                       idata        000000
__LidataBANK0                  idataBANK0   000000
__LidataBANK1                  idataBANK1   000000
__LidataCOMRAM                 idataCOMRAM  000000
__Lidloc                       idloc        000000
__Lifardata                    ifardata     000000
__Linit                        init         000000
__Lintcode                     intcode      000000
__Lintcode_body                intcode_body 000000
__Lintcodelo                   intcodelo    000000
__Lintentry                    intentry     000000
__Lintret                      intret       000000
__Lintsave_regs                intsave_regs 000000
__Lirdata                      irdata       000000
__Lmediumconst                 mediumconst  000000
__LnvFARRAM                    nvFARRAM     000000
__Lnvbit                       nvbit        000000
__Lnvrram                      nvrram       000000
__Lparam                       rparam       000000
__Lpowerup                     powerup      000000
__Lram                         ram          000000
__Lramtop                      ramtop       000600
__Lrbit                        rbit         000000
__Lrbss                        rbss         000000
__Lrdata                       rdata        000000
__Lreset_vec                   reset_vec    000000
__Lrparam                      rparam       000000
__Lsfr                         sfr          000000
__Lsmallconst                  smallconst   000600
__Lspace_0                     (abs)        000000
__Lspace_1                     (abs)        000000
__Lspace_2                     (abs)        000000
__Lspace_4                     (abs)        000000
__Lstack                       stack        000000
__Lstruct                      struct       000000
__Ltemp                        temp         000000
__Ltext                        text         000000
__Ltext0                       text0        000000
__Ltext1                       text1        000000
__Ltext10                      text10       000000
__Ltext11                      text11       000000
__Ltext12                      text12       000000
__Ltext13                      text13       000000
__Ltext14                      text14       000000
__Ltext15                      text15       000000
__Ltext16                      text16       000000
__Ltext17                      text17       000000
__Ltext18                      text18       000000
__Ltext19                      text19       000000
__Ltext2                       text2        000000
__Ltext20                      text20       000000
__Ltext21                      text21       000000
__Ltext22                      text22       000000
__Ltext23                      text23       000000
__Ltext24                      text24       000000
__Ltext25                      text25       000000
__Ltext26                      text26       000000
__Ltext27                      text27       000000
__Ltext28                      text28       000000
__Ltext29                      text29       000000
__Ltext3                       text3        000000
__Ltext30                      text30       000000
__Ltext31                      text31       000000
__Ltext32                      text32       000000
__Ltext33                      text33       000000
__Ltext34                      text34       000000
__Ltext35                      text35       000000
__Ltext36                      text36       000000
__Ltext37                      text37       000000
__Ltext38                      text38       000000
__Ltext39                      text39       000000
__Ltext4                       text4        000000
__Ltext40                      text40       000000
__Ltext41                      text41       000000
__Ltext42                      text42       000000
__Ltext43                      text43       000000
__Ltext44                      text44       000000
__Ltext45                      text45       000000
__Ltext46                      text46       000000
__Ltext47                      text47       000000
__Ltext5                       text5        000000
__Ltext6                       text6        000000
__Ltext7                       text7        000000
__Ltext8                       text8        000000
__Ltext9                       text9        000000
__S0                           (abs)        002AB7
__S1                           (abs)        00016D
__S4                           (abs)        000000
__S5                           (abs)        000000
___awdiv                       text38       002130
___awdiv@counter               cstackCOMRAM 000005
___awdiv@dividend              cstackCOMRAM 000001
___awdiv@divisor               cstackCOMRAM 000003
___awdiv@quotient              cstackCOMRAM 000007
___awdiv@sign                  cstackCOMRAM 000006
___awmod                       text37       0021F4
___awmod@counter               cstackCOMRAM 00000D
___awmod@dividend              cstackCOMRAM 000009
___awmod@divisor               cstackCOMRAM 00000B
___awmod@sign                  cstackCOMRAM 00000E
___fldiv                       text47       000BAA
___fldiv@a                     cstackCOMRAM 000019
___fldiv@aexp                  cstackCOMRAM 00002D
___fldiv@b                     cstackCOMRAM 000015
___fldiv@bexp                  cstackCOMRAM 00002C
___fldiv@grs                   cstackCOMRAM 000028
___fldiv@new_exp               cstackCOMRAM 000026
___fldiv@rem                   cstackCOMRAM 000021
___fldiv@sign                  cstackCOMRAM 000025
___fltol                       text46       001DB4
___fltol@exp1                  cstackCOMRAM 000037
___fltol@f1                    cstackCOMRAM 00002E
___fltol@sign1                 cstackCOMRAM 000036
___heap_hi                     (abs)        000000
___heap_lo                     (abs)        000000
___inthi_sp                    stack        000000
___intlo_sp                    stack        000000
___param_bank                  (abs)        000000
___rparam_used                 (abs)        000001
___sp                          stack        000000
___xxtofl                      text45       001ABC
___xxtofl@arg                  cstackCOMRAM 000011
___xxtofl@exp                  cstackCOMRAM 000010
___xxtofl@sign                 cstackCOMRAM 00000F
___xxtofl@val                  cstackCOMRAM 000007
__accesstop                    (abs)        000060
__activetblptr                 (abs)        000002
__end_of___awdiv               text38       0021F4
__end_of___awmod               text37       0022A4
__end_of___fldiv               text47       000F44
__end_of___fltol               text46       001EBA
__end_of___xxtofl              text45       001C70
__end_of__initialization       cinit        002650
__end_of_change_pssd           text39       0018B2
__end_of_check_pssd            text35       0015AC
__end_of_clcd_print            text43       002734
__end_of_clcd_print_ch         text42       002A00
__end_of_clcd_write            text44       0028DC
__end_of_clear_log             text34       00256C
__end_of_display               text23       00279E
__end_of_download_log          text19       0023F0
__end_of_get_time              text18       0029B0
__end_of_i2c_idle              text32       002A3E
__end_of_i2c_no_ack            text33       002AB6
__end_of_i2c_read              text30       002A90
__end_of_i2c_rep_start         text29       002AA8
__end_of_i2c_rx_mode           text31       002AB0
__end_of_i2c_start             text28       002AA0
__end_of_i2c_stop              text27       002A98
__end_of_i2c_write             text26       002A84
__end_of_init_adc              text17       002A78
__end_of_init_clcd             text16       00234C
__end_of_init_config           text10       0029E8
__end_of_init_ds1307           text14       0027E6
__end_of_init_i2c              text13       002A16
__end_of_init_matrix           text12       002A4E
__end_of_init_uart             text11       002934
__end_of_log_event             text7        002130
__end_of_login_screen          text4        001ABC
__end_of_main                  text0        001290
__end_of_putch                 text22       002A2C
__end_of_puts                  text21       0028A2
__end_of_read_adc              text3        002826
__end_of_read_ds1307           text25       002988
__end_of_read_external_eeprom  text20       00295E
__end_of_read_key              text5        0025E6
__end_of_read_rtc              text24       001F9A
__end_of_read_to_eeprom        text36       002A5E
__end_of_scan_key              text6        0024F0
__end_of_set_time              text2        000BAA
__end_of_strncmp               text41       002068
__end_of_strncpy               text9        002474
__end_of_view_log              text1        001DB4
__end_of_write_ds1307          text15       0029CE
__end_of_write_external_eeprom text8        002866
__end_of_write_to_eeprom       text40       00290A
__initialization               cinit        0025E6
__mediumconst                  mediumconst  000000
__pbssBANK0                    bssBANK0     0000B6
__pbssCOMRAM                   bssCOMRAM    000059
__pcinit                       cinit        0025E6
__pcstackBANK0                 cstackBANK0  000060
__pcstackCOMRAM                cstackCOMRAM 000001
__pdataBANK0                   dataBANK0    0000E5
__pdataBANK1                   dataBANK1    000100
__pdataCOMRAM                  dataCOMRAM   00005F
__pidataBANK0                  idataBANK0   002A5E
__pidataBANK1                  idataBANK1   00265A
__pidataCOMRAM                 idataCOMRAM  002AB6
__psmallconst                  smallconst   000600
__ptext0                       text0        000F44
__ptext1                       text1        001C70
__ptext10                      text10       0029CE
__ptext11                      text11       00290A
__ptext12                      text12       002A3E
__ptext13                      text13       002A00
__ptext14                      text14       00279E
__ptext15                      text15       0029B0
__ptext16                      text16       0022A4
__ptext17                      text17       002A6C
__ptext18                      text18       002988
__ptext19                      text19       00234C
__ptext2                       text2        0006B8
__ptext20                      text20       002934
__ptext21                      text21       002866
__ptext22                      text22       002A16
__ptext23                      text23       002734
__ptext24                      text24       001EBA
__ptext25                      text25       00295E
__ptext26                      text26       002A78
__ptext27                      text27       002A90
__ptext28                      text28       002A98
__ptext29                      text29       002AA0
__ptext3                       text3        0027E6
__ptext30                      text30       002A84
__ptext31                      text31       002AA8
__ptext32                      text32       002A2C
__ptext33                      text33       002AB0
__ptext34                      text34       0024F0
__ptext35                      text35       001290
__ptext36                      text36       002A4E
__ptext37                      text37       0021F4
__ptext38                      text38       002130
__ptext39                      text39       0015AC
__ptext4                       text4        0018B2
__ptext40                      text40       0028DC
__ptext41                      text41       001F9A
__ptext42                      text42       0029E8
__ptext43                      text43       0026C8
__ptext44                      text44       0028A2
__ptext45                      text45       001ABC
__ptext46                      text46       001DB4
__ptext47                      text47       000BAA
__ptext5                       text5        00256C
__ptext6                       text6        002474
__ptext7                       text7        002068
__ptext8                       text8        002826
__ptext9                       text9        0023F0
__ramtop                       ramtop       000600
__smallconst                   smallconst   000600
_change_pssd                   text39       0015AC
_check_pssd                    text35       001290
_clcd_print                    text43       0026C8
_clcd_print_ch                 text42       0029E8
_clcd_write                    text44       0028A2
_clear_log                     text34       0024F0
_display                       text23       002734
_download_log                  text19       00234C
_event_flag                    dataCOMRAM   00005F
_flag                          dataBANK0    0000E5
_get_time                      text18       002988
_h                             bssCOMRAM    00005D
_i                             bssCOMRAM    000059
_i2c_idle                      text32       002A2C
_i2c_no_ack                    text33       002AB0
_i2c_read                      text30       002A84
_i2c_rep_start                 text29       002AA0
_i2c_rx_mode                   text31       002AA8
_i2c_start                     text28       002A98
_i2c_stop                      text27       002A90
_i2c_write                     text26       002A78
_init_adc                      text17       002A6C
_init_clcd                     text16       0022A4
_init_config                   text10       0029CE
_init_ds1307                   text14       00279E
_init_i2c                      text13       002A00
_init_matrix                   text12       002A3E
_init_uart                     text11       00290A
_k                             dataBANK0    0000E7
_log_event                     text7        002068
_login_screen                  text4        0018B2
_long_press                    bssBANK0     0000C9
_main                          text0        000F44
_min                           bssCOMRAM    00005C
_pssd                          bssBANK0     0000DB
_putch                         text22       002A16
_puts                          text21       002866
_r_pssd                        bssBANK0     0000D6
_read_adc                      text3        0027E6
_read_ds1307                   text25       00295E
_read_external_eeprom          text20       002934
_read_key                      text5        00256C
_read_rtc                      text24       001EBA
_read_to_eeprom                text36       002A4E
_scan_key                      text6        002474
_sec                           bssCOMRAM    00005E
_set_time                      text2        0006B8
_strncmp                       text41       001F9A
_strncpy                       text9        0023F0
_time                          dataBANK0    0000E9
_time1                         bssBANK0     0000D5
_time6                         bssBANK0     0000C7
_view_log                      text1        001C70
_write_ds1307                  text15       0029B0
_write_external_eeprom         text8        002826
_write_to_eeprom               text40       0028DC
change_pssd@i                  cstackCOMRAM 000014
change_pssd@key                cstackCOMRAM 000013
check_pssd@attempt             dataBANK0    0000E6
check_pssd@i                   bssCOMRAM    00005B
check_pssd@i_346               cstackCOMRAM 00001A
check_pssd@j                   cstackCOMRAM 00001F
check_pssd@key                 cstackCOMRAM 00001E
check_pssd@pssd                bssBANK0     0000E0
check_pssd@s_pssd              cstackCOMRAM 000015
check_pssd@t                   bssBANK0     0000D4
clcd_print@addr                cstackCOMRAM 000005
clcd_print@data                cstackCOMRAM 000003
clcd_print_ch@addr             cstackCOMRAM 00000F
clcd_print_ch@data             cstackCOMRAM 000010
clcd_write@byte                cstackCOMRAM 000002
clcd_write@control_bit         cstackCOMRAM 000001
display@event                  cstackCOMRAM 000011
display@speed                  cstackCOMRAM 000013
download_log@ch                cstackCOMRAM 000008
download_log@i                 cstackCOMRAM 000019
download_log@j                 cstackCOMRAM 00001A
end_of_initialization          cinit        002650
i2c_write@data                 cstackCOMRAM 000001
init_ds1307@dummy              cstackCOMRAM 000004
intlevel0                      text         000000
intlevel1                      text         000000
intlevel2                      text         000000
intlevel3                      text         000000
isa$std                        (abs)        000001
isa$xinst                      (abs)        000000
log_event@event                cstackCOMRAM 00000F
log_event@i_366                cstackCOMRAM 000022
log_event@log                  cstackCOMRAM 000012
log_event@speed                cstackCOMRAM 000011
login_screen@F10729            dataBANK1    000100
login_screen@arr               cstackBANK0  000060
login_screen@flag              bssBANK0     0000D2
login_screen@i                 bssBANK0     0000D3
login_screen@key               cstackBANK0  0000B5
login_screen@long_press        bssBANK0     0000CF
main@F10708                    dataBANK1    000155
main@ev                        cstackCOMRAM 00003A
main@i                         cstackCOMRAM 000057
main@i_157                     cstackCOMRAM 000054
main@i_158                     cstackCOMRAM 000052
main@key                       cstackCOMRAM 000058
main@s_flag                    cstackCOMRAM 000055
main@speed                     cstackCOMRAM 000056
putch@byte                     cstackCOMRAM 000001
puts@s                         cstackCOMRAM 000002
read_adc@channel               cstackCOMRAM 000006
read_ds1307@address            cstackCOMRAM 000002
read_ds1307@data               cstackCOMRAM 000003
read_external_eeprom@address   cstackCOMRAM 000002
read_external_eeprom@data      cstackCOMRAM 000003
read_key@key                   cstackCOMRAM 000002
read_key@once                  dataBANK0    0000E8
read_key@state                 cstackCOMRAM 000001
read_rtc@time                  cstackCOMRAM 000006
read_to_eeprom@address         cstackCOMRAM 000001
set_time@j                     bssCOMRAM    00005A
set_time@key                   cstackCOMRAM 000014
set_time@long_press            bssBANK0     0000CD
set_time@num                   cstackCOMRAM 000013
set_time@t                     bssBANK0     0000CB
stackhi                        (abs)        000000
stacklo                        (abs)        000000
start                          init         000000
start_initialization           cinit        0025E6
strncmp@_l                     cstackCOMRAM 000001
strncmp@_r                     cstackCOMRAM 000003
strncmp@l                      cstackCOMRAM 000009
strncmp@n                      cstackCOMRAM 000005
strncmp@r                      cstackCOMRAM 00000B
strncpy@cp                     cstackCOMRAM 000007
strncpy@d                      cstackCOMRAM 000001
strncpy@n                      cstackCOMRAM 000005
strncpy@s                      cstackCOMRAM 000003
view_log@ch                    cstackCOMRAM 000007
view_log@i                     bssBANK0     0000D1
view_log@j                     cstackCOMRAM 000018
view_log@key                   cstackCOMRAM 000017
write_ds1307@address           cstackCOMRAM 000003
write_ds1307@data              cstackCOMRAM 000002
write_external_eeprom@address  cstackCOMRAM 000005
write_external_eeprom@data     cstackCOMRAM 000002
write_external_eeprom@i        cstackCOMRAM 000003
write_to_eeprom@address        cstackCOMRAM 000002
write_to_eeprom@data           cstackCOMRAM 000001


MODULE INFORMATION

Module		Function		Class		Link	Load	Size
change_pssd.c
		_change_pssd   		CODE           	15AC	0000	774

change_pssd.c estimated size: 774

C:\Program Files\Microchip\xc8\v2.36\pic\sources\c99\common\strncmp.c
		_strncmp       		CODE           	1F9A	0000	206

C:\Program Files\Microchip\xc8\v2.36\pic\sources\c99\common\strncmp.c estimated size: 206

matrix_keypad.c
		_init_matrix   		CODE           	2A3E	0000	16
		_scan_key      		CODE           	2474	0000	124
		_read_key      		CODE           	256C	0000	122

matrix_keypad.c estimated size: 262

C:\Program Files\Microchip\xc8\v2.36\pic\sources\c99\common\strncpy.c
		_strncpy       		CODE           	23F0	0000	132

C:\Program Files\Microchip\xc8\v2.36\pic\sources\c99\common\strncpy.c estimated size: 132

uart.c
		_putch         		CODE           	2A16	0000	22
		_init_uart     		CODE           	290A	0000	42
		_puts          		CODE           	2866	0000	60
		_download_log  		CODE           	234C	0000	164

uart.c estimated size: 288

C:\Program Files\Microchip\xc8\v2.36\pic\sources\c99\common\sprcdiv.c
		___fldiv       		CODE           	0BAA	0000	922

C:\Program Files\Microchip\xc8\v2.36\pic\sources\c99\common\sprcdiv.c estimated size: 922

C:\Program Files\Microchip\xc8\v2.36\pic\sources\c99\common\awmod.c
		___awmod       		CODE           	21F4	0000	176

C:\Program Files\Microchip\xc8\v2.36\pic\sources\c99\common\awmod.c estimated size: 176

i2c.c
		_i2c_start     		CODE           	2A98	0000	8
		_i2c_no_ack    		CODE           	2AB0	0000	6
		_i2c_rep_start 		CODE           	2AA0	0000	8
		_i2c_idle      		CODE           	2A2C	0000	18
		_i2c_write     		CODE           	2A78	0000	12
		_i2c_stop      		CODE           	2A90	0000	8
		_i2c_read      		CODE           	2A84	0000	12
		_init_i2c      		CODE           	2A00	0000	22
		_i2c_rx_mode   		CODE           	2AA8	0000	8

i2c.c estimated size: 102

C:\Program Files\Microchip\xc8\v2.36\pic\sources\c99\common\xxtofl.c
		___xxtofl      		CODE           	1ABC	0000	436

C:\Program Files\Microchip\xc8\v2.36\pic\sources\c99\common\xxtofl.c estimated size: 436

logs.c
		_view_log      		CODE           	1C70	0000	324
		_clear_log     		CODE           	24F0	0000	124

logs.c estimated size: 448

eeprom.c
		_read_to_eeprom		CODE           	2A4E	0000	16
		_write_to_eeprom		CODE           	28DC	0000	46

eeprom.c estimated size: 62

adc.c
		_init_adc      		CODE           	2A6C	0000	12
		_read_adc      		CODE           	27E6	0000	64

adc.c estimated size: 76

C:\Program Files\Microchip\xc8\v2.36\pic\sources\c99\common\awdiv.c
		___awdiv       		CODE           	2130	0000	196

C:\Program Files\Microchip\xc8\v2.36\pic\sources\c99\common\awdiv.c estimated size: 196

C:\Program Files\Microchip\xc8\v2.36\pic\sources\c99\common\fltol.c
		___fltol       		CODE           	1DB4	0000	262

C:\Program Files\Microchip\xc8\v2.36\pic\sources\c99\common\fltol.c estimated size: 262

shared
		__initialization		CODE           	25E6	0000	106

shared estimated size: 106

clcd.c
		_clcd_write    		CODE           	28A2	0000	58
		_clcd_print    		CODE           	26C8	0000	108
		_clcd_print_ch 		CODE           	29E8	0000	24
		_init_clcd     		CODE           	22A4	0000	168

clcd.c estimated size: 358

rtc.c
		_read_ds1307   		CODE           	295E	0000	42
		_write_ds1307  		CODE           	29B0	0000	30
		_init_ds1307   		CODE           	279E	0000	72

rtc.c estimated size: 144

black_box.c
		_display       		CODE           	2734	0000	106
		_check_pssd    		CODE           	1290	0000	796
		_get_time      		CODE           	2988	0000	40
		_read_rtc      		CODE           	1EBA	0000	224
		_log_event     		CODE           	2068	0000	200
		_set_time      		CODE           	06B8	0000	1266
		_login_screen  		CODE           	18B2	0000	522

black_box.c estimated size: 3154

ext_eeprom.c
		_write_external_eeprom		CODE           	2826	0000	64
		_read_external_eeprom		CODE           	2934	0000	42

ext_eeprom.c estimated size: 106

main.c
		_main          		CODE           	0F44	0000	844
		_init_config   		CODE           	29CE	0000	26

main.c estimated size: 870

